== Hostname ==
dmi-cl-node001.dmi.p.unibas.ch

== lscpu (summary) ==
CPU(s):                20
On-line CPU(s) list:   0-19
Thread(s) per core:    1
Core(s) per socket:    10
Socket(s):             2
NUMA node(s):          2
Model name:            Intel(R) Xeon(R) CPU E5-2640 v4 @ 2.40GHz
NUMA node0 CPU(s):     0-9
NUMA node1 CPU(s):     10-19

== Full lscpu ==
Architecture:          x86_64
CPU op-mode(s):        32-bit, 64-bit
Byte Order:            Little Endian
CPU(s):                20
On-line CPU(s) list:   0-19
Thread(s) per core:    1
Core(s) per socket:    10
Socket(s):             2
NUMA node(s):          2
Vendor ID:             GenuineIntel
CPU family:            6
Model:                 79
Model name:            Intel(R) Xeon(R) CPU E5-2640 v4 @ 2.40GHz
Stepping:              1
CPU MHz:               2599.951
CPU max MHz:           3400.0000
CPU min MHz:           1200.0000
BogoMIPS:              4788.90
Virtualization:        VT-x
L1d cache:             32K
L1i cache:             32K
L2 cache:              256K
L3 cache:              25600K
NUMA node0 CPU(s):     0-9
NUMA node1 CPU(s):     10-19
Flags:                 fpu vme de pse tsc msr pae mce cx8 apic sep mtrr pge mca cmov pat pse36 clflush dts acpi mmx fxsr sse sse2 ss ht tm pbe syscall nx pdpe1gb rdtscp lm constant_tsc arch_perfmon pebs bts rep_good nopl xtopology nonstop_tsc aperfmperf eagerfpu pni pclmulqdq dtes64 monitor ds_cpl vmx smx est tm2 ssse3 sdbg fma cx16 xtpr pdcm pcid dca sse4_1 sse4_2 x2apic movbe popcnt aes xsave avx f16c rdrand lahf_lm abm 3dnowprefetch epb cat_l3 cdp_l3 invpcid_single intel_ppin intel_pt tpr_shadow vnmi flexpriority ept vpid fsgsbase tsc_adjust bmi1 hle avx2 smep bmi2 erms invpcid rtm cqm rdt_a rdseed adx smap xsaveopt cqm_llc cqm_occup_llc cqm_mbm_total cqm_mbm_local dtherm ida arat pln pts

== NUMA hardware via numactl (if available) ==

Due to MODULEPATH changes, the following have been reloaded:
  1) XZ/5.6.3-GCCcore-14.2.0     2) numactl/2.0.19-GCCcore-14.2.0


Due to MODULEPATH changes, the following have been reloaded:
  1) hwloc/2.11.2-GCCcore-14.2.0     2) libpciaccess/0.18.1-GCCcore-14.2.0


Due to MODULEPATH changes, the following have been reloaded:
  1) libxml2/2.13.4-GCCcore-14.2.0     2) zlib/1.3.1-GCCcore-14.2.0


Due to MODULEPATH changes, the following have been reloaded:
  1) GCCcore/14.2.0


Due to MODULEPATH changes, the following have been reloaded:
  1) GCCcore/14.2.0                         5) libxml2/2.13.4-GCCcore-14.2.0
  2) XZ/5.6.3-GCCcore-14.2.0                6) numactl/2.0.19-GCCcore-14.2.0
  3) hwloc/2.11.2-GCCcore-14.2.0            7) zlib/1.3.1-GCCcore-14.2.0
  4) libpciaccess/0.18.1-GCCcore-14.2.0

available: 2 nodes (0-1)
node 0 cpus: 0 1 2 3 4 5 6 7 8 9
node 0 size: 31914 MB
node 0 free: 31031 MB
node 1 cpus: 10 11 12 13 14 15 16 17 18 19
node 1 size: 32253 MB
node 1 free: 31496 MB
node distances:
node     0    1 
   0:   10   21 
   1:   21   10 

== lstopo topology ==
Machine (63GB total)
  Package L#0
    NUMANode L#0 (P#0 31GB)
    L3 L#0 (25MB) + L2 L#0 (256KB) + L1d L#0 (32KB) + L1i L#0 (32KB) + Core L#0 + PU L#0 (P#0)
  Package L#1
    NUMANode L#1 (P#1 31GB)

== /proc/meminfo (first 40 lines) ==

Due to MODULEPATH changes, the following have been reloaded:
  1) XZ/5.6.3-GCCcore-14.2.0     2) numactl/2.0.19-GCCcore-14.2.0


Due to MODULEPATH changes, the following have been reloaded:
  1) hwloc/2.11.2-GCCcore-14.2.0     2) libpciaccess/0.18.1-GCCcore-14.2.0


Due to MODULEPATH changes, the following have been reloaded:
  1) libxml2/2.13.4-GCCcore-14.2.0     2) zlib/1.3.1-GCCcore-14.2.0


Due to MODULEPATH changes, the following have been reloaded:
  1) GCCcore/14.2.0


Due to MODULEPATH changes, the following have been reloaded:
  1) GCCcore/14.2.0                         5) libxml2/2.13.4-GCCcore-14.2.0
  2) XZ/5.6.3-GCCcore-14.2.0                6) numactl/2.0.19-GCCcore-14.2.0
  3) hwloc/2.11.2-GCCcore-14.2.0            7) zlib/1.3.1-GCCcore-14.2.0
  4) libpciaccess/0.18.1-GCCcore-14.2.0

MemTotal:       65707856 kB
MemFree:        64029000 kB
MemAvailable:   64127724 kB
Buffers:            2648 kB
Cached:           469156 kB
SwapCached:            0 kB
Active:           354972 kB
Inactive:         360064 kB
Active(anon):     243692 kB
Inactive(anon):    11432 kB
Active(file):     111280 kB
Inactive(file):   348632 kB
Unevictable:           0 kB
Mlocked:               0 kB
SwapTotal:       2097148 kB
SwapFree:        2097148 kB
Dirty:                76 kB
Writeback:             0 kB
AnonPages:        243516 kB
Mapped:            45764 kB
Shmem:             11892 kB
Slab:             134440 kB
SReclaimable:      46396 kB
SUnreclaim:        88044 kB
KernelStack:        7184 kB
PageTables:         6892 kB
NFS_Unstable:          0 kB
Bounce:                0 kB
WritebackTmp:          0 kB
CommitLimit:    34951076 kB
Committed_AS:    1901132 kB
VmallocTotal:   34359738367 kB
VmallocUsed:      522824 kB
VmallocChunk:   34325397500 kB
Percpu:             5664 kB
HardwareCorrupted:     0 kB
AnonHugePages:    157696 kB
CmaTotal:              0 kB
CmaFree:               0 kB
HugePages_Total:       0

== End of T2 report ==
